Parse successful!
Undefined variable s
Error: only ints allowed for switch statements
Result: null
