Parse Successful!
Error: sets must not be empty
Result: null
