Parse successful!
Mixed mode list not supported.
Result: null
