Parse successful!
Can't find tail of list.
Result: null
