Parse successful!
Undefined variable lst
Result: null
