Parse successful!
Error: mixed type list not supported.
Result: null
