Comment: This test shows declaring multiple variables
Parse Successful!
Result: 21
